{
    "Run with profile test | annotation with merge": {
        "content": [
            47,
            {
                "APPLYBQSR": {
                    "gatk4": "4.5.0.0"
                },
                "CAT_FASTQ": {
                    "cat": 8.3
                },
                "ENSEMBLVEP_VEP": {
                    "ensemblvep": 111.0
                },
                "FASTQC": {
                    "fastqc": "0.12.1"
                },
                "GATK4_BASERECALIBRATOR": {
                    "gatk4": "4.5.0.0"
                },
                "GATK4_BEDTOINTERVALLIST": {
                    "gatk4": "4.5.0.0"
                },
                "GATK4_HAPLOTYPECALLER": {
                    "gatk4": "4.5.0.0"
                },
                "GATK4_MERGEVCFS": {
                    "gatk4": "4.5.0.0"
                },
                "GATK4_SPLITNCIGARREADS": {
                    "gatk4": "4.5.0.0"
                },
                "GATK4_VARIANTFILTRATION": {
                    "gatk4": "4.5.0.0"
                },
                "PICARD_MARKDUPLICATES": {
                    "picard": "3.3.0"
                },
                "SAMTOOLS_FLAGSTAT": {
                    "samtools": 1.21
                },
                "SAMTOOLS_IDXSTATS": {
                    "samtools": 1.21
                },
                "SAMTOOLS_INDEX": {
                    "samtools": 1.21
                },
                "SAMTOOLS_MERGE": {
                    "samtools": "1.19.2"
                },
                "SAMTOOLS_SORT": {
                    "samtools": 1.21
                },
                "SAMTOOLS_STATS": {
                    "samtools": 1.21
                },
                "SNPEFF_SNPEFF": {
                    "snpeff": "5.1d"
                },
                "STAR_ALIGN": {
                    "star": "2.7.11b",
                    "samtools": 1.21,
                    "gawk": "5.1.0"
                },
                "TABIX": {
                    "tabix": "1.19.1"
                },
                "TABIX_BGZIPTABIX": {
                    "tabix": "1.19.1"
                },
                "TABIX_TABIX": {
                    "tabix": "1.19.1"
                },
                "Workflow": {
                    "nf-core/rnavar": "v2.0.0dev"
                }
            },
            [
                "annotation",
                "annotation/haplotypecaller",
                "annotation/haplotypecaller/GM12878",
                "annotation/haplotypecaller/GM12878/GM12878.haplotypecaller.filtered_snpEff_VEP.ann.vcf.gz",
                "annotation/haplotypecaller/GM12878/GM12878.haplotypecaller.filtered_snpEff_VEP.ann.vcf.gz.tbi",
                "cache",
                "cache/snpeff_cache",
                "cache/snpeff_cache/WBcel235.105",
                "cache/snpeff_cache/WBcel235.105/sequence.I.bin",
                "cache/snpeff_cache/WBcel235.105/sequence.II.bin",
                "cache/snpeff_cache/WBcel235.105/sequence.III.bin",
                "cache/snpeff_cache/WBcel235.105/sequence.IV.bin",
                "cache/snpeff_cache/WBcel235.105/sequence.V.bin",
                "cache/snpeff_cache/WBcel235.105/sequence.X.bin",
                "cache/snpeff_cache/WBcel235.105/sequence.bin",
                "cache/snpeff_cache/WBcel235.105/snpEffectPredictor.bin",
                "cache/vep_cache",
                "cache/vep_cache/caenorhabditis_elegans",
                "cache/vep_cache/caenorhabditis_elegans/110_WBcel235",
                "cache/vep_cache/caenorhabditis_elegans/110_WBcel235/I",
                "cache/vep_cache/caenorhabditis_elegans/110_WBcel235/I/1-1000000.gz",
                "cache/vep_cache/caenorhabditis_elegans/110_WBcel235/I/10000001-11000000.gz",
                "cache/vep_cache/caenorhabditis_elegans/110_WBcel235/I/1000001-2000000.gz",
                "cache/vep_cache/caenorhabditis_elegans/110_WBcel235/I/11000001-12000000.gz",
                "cache/vep_cache/caenorhabditis_elegans/110_WBcel235/I/12000001-13000000.gz",
                "cache/vep_cache/caenorhabditis_elegans/110_WBcel235/I/13000001-14000000.gz",
                "cache/vep_cache/caenorhabditis_elegans/110_WBcel235/I/14000001-15000000.gz",
                "cache/vep_cache/caenorhabditis_elegans/110_WBcel235/I/15000001-16000000.gz",
                "cache/vep_cache/caenorhabditis_elegans/110_WBcel235/I/2000001-3000000.gz",
                "cache/vep_cache/caenorhabditis_elegans/110_WBcel235/I/3000001-4000000.gz",
                "cache/vep_cache/caenorhabditis_elegans/110_WBcel235/I/4000001-5000000.gz",
                "cache/vep_cache/caenorhabditis_elegans/110_WBcel235/I/5000001-6000000.gz",
                "cache/vep_cache/caenorhabditis_elegans/110_WBcel235/I/6000001-7000000.gz",
                "cache/vep_cache/caenorhabditis_elegans/110_WBcel235/I/7000001-8000000.gz",
                "cache/vep_cache/caenorhabditis_elegans/110_WBcel235/I/8000001-9000000.gz",
                "cache/vep_cache/caenorhabditis_elegans/110_WBcel235/I/9000001-10000000.gz",
                "cache/vep_cache/caenorhabditis_elegans/110_WBcel235/II",
                "cache/vep_cache/caenorhabditis_elegans/110_WBcel235/II/1-1000000.gz",
                "cache/vep_cache/caenorhabditis_elegans/110_WBcel235/II/10000001-11000000.gz",
                "cache/vep_cache/caenorhabditis_elegans/110_WBcel235/II/1000001-2000000.gz",
                "cache/vep_cache/caenorhabditis_elegans/110_WBcel235/II/11000001-12000000.gz",
                "cache/vep_cache/caenorhabditis_elegans/110_WBcel235/II/12000001-13000000.gz",
                "cache/vep_cache/caenorhabditis_elegans/110_WBcel235/II/13000001-14000000.gz",
                "cache/vep_cache/caenorhabditis_elegans/110_WBcel235/II/14000001-15000000.gz",
                "cache/vep_cache/caenorhabditis_elegans/110_WBcel235/II/15000001-16000000.gz",
                "cache/vep_cache/caenorhabditis_elegans/110_WBcel235/II/2000001-3000000.gz",
                "cache/vep_cache/caenorhabditis_elegans/110_WBcel235/II/3000001-4000000.gz",
                "cache/vep_cache/caenorhabditis_elegans/110_WBcel235/II/4000001-5000000.gz",
                "cache/vep_cache/caenorhabditis_elegans/110_WBcel235/II/5000001-6000000.gz",
                "cache/vep_cache/caenorhabditis_elegans/110_WBcel235/II/6000001-7000000.gz",
                "cache/vep_cache/caenorhabditis_elegans/110_WBcel235/II/7000001-8000000.gz",
                "cache/vep_cache/caenorhabditis_elegans/110_WBcel235/II/8000001-9000000.gz",
                "cache/vep_cache/caenorhabditis_elegans/110_WBcel235/II/9000001-10000000.gz",
                "cache/vep_cache/caenorhabditis_elegans/110_WBcel235/III",
                "cache/vep_cache/caenorhabditis_elegans/110_WBcel235/III/1-1000000.gz",
                "cache/vep_cache/caenorhabditis_elegans/110_WBcel235/III/10000001-11000000.gz",
                "cache/vep_cache/caenorhabditis_elegans/110_WBcel235/III/1000001-2000000.gz",
                "cache/vep_cache/caenorhabditis_elegans/110_WBcel235/III/11000001-12000000.gz",
                "cache/vep_cache/caenorhabditis_elegans/110_WBcel235/III/12000001-13000000.gz",
                "cache/vep_cache/caenorhabditis_elegans/110_WBcel235/III/13000001-14000000.gz",
                "cache/vep_cache/caenorhabditis_elegans/110_WBcel235/III/2000001-3000000.gz",
                "cache/vep_cache/caenorhabditis_elegans/110_WBcel235/III/3000001-4000000.gz",
                "cache/vep_cache/caenorhabditis_elegans/110_WBcel235/III/4000001-5000000.gz",
                "cache/vep_cache/caenorhabditis_elegans/110_WBcel235/III/5000001-6000000.gz",
                "cache/vep_cache/caenorhabditis_elegans/110_WBcel235/III/6000001-7000000.gz",
                "cache/vep_cache/caenorhabditis_elegans/110_WBcel235/III/7000001-8000000.gz",
                "cache/vep_cache/caenorhabditis_elegans/110_WBcel235/III/8000001-9000000.gz",
                "cache/vep_cache/caenorhabditis_elegans/110_WBcel235/III/9000001-10000000.gz",
                "cache/vep_cache/caenorhabditis_elegans/110_WBcel235/IV",
                "cache/vep_cache/caenorhabditis_elegans/110_WBcel235/IV/1-1000000.gz",
                "cache/vep_cache/caenorhabditis_elegans/110_WBcel235/IV/10000001-11000000.gz",
                "cache/vep_cache/caenorhabditis_elegans/110_WBcel235/IV/1000001-2000000.gz",
                "cache/vep_cache/caenorhabditis_elegans/110_WBcel235/IV/11000001-12000000.gz",
                "cache/vep_cache/caenorhabditis_elegans/110_WBcel235/IV/12000001-13000000.gz",
                "cache/vep_cache/caenorhabditis_elegans/110_WBcel235/IV/13000001-14000000.gz",
                "cache/vep_cache/caenorhabditis_elegans/110_WBcel235/IV/14000001-15000000.gz",
                "cache/vep_cache/caenorhabditis_elegans/110_WBcel235/IV/15000001-16000000.gz",
                "cache/vep_cache/caenorhabditis_elegans/110_WBcel235/IV/16000001-17000000.gz",
                "cache/vep_cache/caenorhabditis_elegans/110_WBcel235/IV/17000001-18000000.gz",
                "cache/vep_cache/caenorhabditis_elegans/110_WBcel235/IV/2000001-3000000.gz",
                "cache/vep_cache/caenorhabditis_elegans/110_WBcel235/IV/3000001-4000000.gz",
                "cache/vep_cache/caenorhabditis_elegans/110_WBcel235/IV/4000001-5000000.gz",
                "cache/vep_cache/caenorhabditis_elegans/110_WBcel235/IV/5000001-6000000.gz",
                "cache/vep_cache/caenorhabditis_elegans/110_WBcel235/IV/6000001-7000000.gz",
                "cache/vep_cache/caenorhabditis_elegans/110_WBcel235/IV/7000001-8000000.gz",
                "cache/vep_cache/caenorhabditis_elegans/110_WBcel235/IV/8000001-9000000.gz",
                "cache/vep_cache/caenorhabditis_elegans/110_WBcel235/IV/9000001-10000000.gz",
                "cache/vep_cache/caenorhabditis_elegans/110_WBcel235/MtDNA",
                "cache/vep_cache/caenorhabditis_elegans/110_WBcel235/MtDNA/1-1000000.gz",
                "cache/vep_cache/caenorhabditis_elegans/110_WBcel235/V",
                "cache/vep_cache/caenorhabditis_elegans/110_WBcel235/V/1-1000000.gz",
                "cache/vep_cache/caenorhabditis_elegans/110_WBcel235/V/10000001-11000000.gz",
                "cache/vep_cache/caenorhabditis_elegans/110_WBcel235/V/1000001-2000000.gz",
                "cache/vep_cache/caenorhabditis_elegans/110_WBcel235/V/11000001-12000000.gz",
                "cache/vep_cache/caenorhabditis_elegans/110_WBcel235/V/12000001-13000000.gz",
                "cache/vep_cache/caenorhabditis_elegans/110_WBcel235/V/13000001-14000000.gz",
                "cache/vep_cache/caenorhabditis_elegans/110_WBcel235/V/14000001-15000000.gz",
                "cache/vep_cache/caenorhabditis_elegans/110_WBcel235/V/15000001-16000000.gz",
                "cache/vep_cache/caenorhabditis_elegans/110_WBcel235/V/16000001-17000000.gz",
                "cache/vep_cache/caenorhabditis_elegans/110_WBcel235/V/17000001-18000000.gz",
                "cache/vep_cache/caenorhabditis_elegans/110_WBcel235/V/18000001-19000000.gz",
                "cache/vep_cache/caenorhabditis_elegans/110_WBcel235/V/19000001-20000000.gz",
                "cache/vep_cache/caenorhabditis_elegans/110_WBcel235/V/20000001-21000000.gz",
                "cache/vep_cache/caenorhabditis_elegans/110_WBcel235/V/2000001-3000000.gz",
                "cache/vep_cache/caenorhabditis_elegans/110_WBcel235/V/3000001-4000000.gz",
                "cache/vep_cache/caenorhabditis_elegans/110_WBcel235/V/4000001-5000000.gz",
                "cache/vep_cache/caenorhabditis_elegans/110_WBcel235/V/5000001-6000000.gz",
                "cache/vep_cache/caenorhabditis_elegans/110_WBcel235/V/6000001-7000000.gz",
                "cache/vep_cache/caenorhabditis_elegans/110_WBcel235/V/7000001-8000000.gz",
                "cache/vep_cache/caenorhabditis_elegans/110_WBcel235/V/8000001-9000000.gz",
                "cache/vep_cache/caenorhabditis_elegans/110_WBcel235/V/9000001-10000000.gz",
                "cache/vep_cache/caenorhabditis_elegans/110_WBcel235/X",
                "cache/vep_cache/caenorhabditis_elegans/110_WBcel235/X/1-1000000.gz",
                "cache/vep_cache/caenorhabditis_elegans/110_WBcel235/X/10000001-11000000.gz",
                "cache/vep_cache/caenorhabditis_elegans/110_WBcel235/X/1000001-2000000.gz",
                "cache/vep_cache/caenorhabditis_elegans/110_WBcel235/X/11000001-12000000.gz",
                "cache/vep_cache/caenorhabditis_elegans/110_WBcel235/X/12000001-13000000.gz",
                "cache/vep_cache/caenorhabditis_elegans/110_WBcel235/X/13000001-14000000.gz",
                "cache/vep_cache/caenorhabditis_elegans/110_WBcel235/X/14000001-15000000.gz",
                "cache/vep_cache/caenorhabditis_elegans/110_WBcel235/X/15000001-16000000.gz",
                "cache/vep_cache/caenorhabditis_elegans/110_WBcel235/X/16000001-17000000.gz",
                "cache/vep_cache/caenorhabditis_elegans/110_WBcel235/X/17000001-18000000.gz",
                "cache/vep_cache/caenorhabditis_elegans/110_WBcel235/X/2000001-3000000.gz",
                "cache/vep_cache/caenorhabditis_elegans/110_WBcel235/X/3000001-4000000.gz",
                "cache/vep_cache/caenorhabditis_elegans/110_WBcel235/X/4000001-5000000.gz",
                "cache/vep_cache/caenorhabditis_elegans/110_WBcel235/X/5000001-6000000.gz",
                "cache/vep_cache/caenorhabditis_elegans/110_WBcel235/X/6000001-7000000.gz",
                "cache/vep_cache/caenorhabditis_elegans/110_WBcel235/X/7000001-8000000.gz",
                "cache/vep_cache/caenorhabditis_elegans/110_WBcel235/X/8000001-9000000.gz",
                "cache/vep_cache/caenorhabditis_elegans/110_WBcel235/X/9000001-10000000.gz",
                "cache/vep_cache/caenorhabditis_elegans/110_WBcel235/chr_synonyms.txt",
                "cache/vep_cache/caenorhabditis_elegans/110_WBcel235/info.txt",
                "cache/versions.yml",
                "pipeline_info",
                "pipeline_info/nf_core_pipeline_software_mqc_versions.yml",
                "preprocessing",
                "preprocessing/GM12878",
                "preprocessing/GM12878/GM12878.md.bam",
                "preprocessing/GM12878/GM12878.md.bam.bai",
                "preprocessing/GM12878/GM12878.recal.bam",
                "preprocessing/GM12878/GM12878.recal.bam.bai",
                "reports",
                "reports/EnsemblVEP",
                "reports/EnsemblVEP/haplotypecaller",
                "reports/EnsemblVEP/haplotypecaller/GM12878",
                "reports/EnsemblVEP/haplotypecaller/GM12878/GM12878.haplotypecaller.filtered_snpEff_VEP.ann.summary.html",
                "reports/multiqc_data",
                "reports/multiqc_data/multiqc.log",
                "reports/multiqc_data/multiqc_citations.txt",
                "reports/multiqc_data/multiqc_data.json",
                "reports/multiqc_data/multiqc_software_versions.txt",
                "reports/multiqc_data/multiqc_sources.txt",
                "reports/multiqc_report.html",
                "reports/snpeff",
                "reports/snpeff/haplotypecaller",
                "reports/snpeff/haplotypecaller/GM12878",
                "reports/stats",
                "reports/stats/GM12878",
                "reports/stats/GM12878/GM12878.flagstat",
                "reports/stats/GM12878/GM12878.stats",
                "reports/stats/GM12878/STAR_log",
                "reports/stats/GM12878/STAR_log/GM12878.Log.final.out",
                "reports/stats/GM12878/STAR_log/GM12878.Log.out",
                "reports/stats/GM12878/STAR_log/GM12878.Log.progress.out",
                "reports/stats/GM12878/STAR_log/GM12878.SJ.out.tab",
                "samtools",
                "samtools/GM12878.bam",
                "samtools/GM12878.bam.bai",
                "variant_calling",
                "variant_calling/GM12878",
                "variant_calling/GM12878/GM12878.haplotypecaller.filtered.vcf.gz",
                "variant_calling/GM12878/GM12878.haplotypecaller.filtered.vcf.gz.tbi",
                "variant_calling/GM12878/GM12878.haplotypecaller.vcf.gz",
                "variant_calling/GM12878/GM12878.haplotypecaller.vcf.gz.tbi",
                "variant_calling/dbsnp_146.hg38.vcf",
                "variant_calling/dbsnp_146.hg38.vcf/dbsnp_146.hg38.vcf.gz.tbi",
                "variant_calling/mills_and_1000G.indels.vcf",
                "variant_calling/mills_and_1000G.indels.vcf/mills_and_1000G.indels.vcf.gz.tbi"
            ]
        ],
        "meta": {
            "nf-test": "0.9.2",
            "nextflow": "24.10.3"
        },
        "timestamp": "2025-01-09T16:19:12.045032239"
    },
    "Run with profile test | annotation with vep": {
        "content": [
            44,
            {
                "APPLYBQSR": {
                    "gatk4": "4.5.0.0"
                },
                "CAT_FASTQ": {
                    "cat": 8.3
                },
                "ENSEMBLVEP_VEP": {
                    "ensemblvep": 111.0
                },
                "FASTQC": {
                    "fastqc": "0.12.1"
                },
                "GATK4_BASERECALIBRATOR": {
                    "gatk4": "4.5.0.0"
                },
                "GATK4_BEDTOINTERVALLIST": {
                    "gatk4": "4.5.0.0"
                },
                "GATK4_HAPLOTYPECALLER": {
                    "gatk4": "4.5.0.0"
                },
                "GATK4_MERGEVCFS": {
                    "gatk4": "4.5.0.0"
                },
                "GATK4_SPLITNCIGARREADS": {
                    "gatk4": "4.5.0.0"
                },
                "GATK4_VARIANTFILTRATION": {
                    "gatk4": "4.5.0.0"
                },
                "PICARD_MARKDUPLICATES": {
                    "picard": "3.3.0"
                },
                "SAMTOOLS_FLAGSTAT": {
                    "samtools": 1.21
                },
                "SAMTOOLS_IDXSTATS": {
                    "samtools": 1.21
                },
                "SAMTOOLS_INDEX": {
                    "samtools": 1.21
                },
                "SAMTOOLS_MERGE": {
                    "samtools": "1.19.2"
                },
                "SAMTOOLS_SORT": {
                    "samtools": 1.21
                },
                "SAMTOOLS_STATS": {
                    "samtools": 1.21
                },
                "STAR_ALIGN": {
                    "star": "2.7.11b",
                    "samtools": 1.21,
                    "gawk": "5.1.0"
                },
                "TABIX": {
                    "tabix": "1.19.1"
                },
                "TABIX_TABIX": {
                    "tabix": "1.19.1"
                },
                "Workflow": {
                    "nf-core/rnavar": "v2.0.0dev"
                }
            },
            [
                "annotation",
                "annotation/haplotypecaller",
                "annotation/haplotypecaller/GM12878",
                "annotation/haplotypecaller/GM12878/GM12878.haplotypecaller.filtered_VEP.ann.vcf.gz",
                "annotation/haplotypecaller/GM12878/GM12878.haplotypecaller.filtered_VEP.ann.vcf.gz.tbi",
                "cache",
                "cache/vep_cache",
                "cache/vep_cache/caenorhabditis_elegans",
                "cache/vep_cache/caenorhabditis_elegans/110_WBcel235",
                "cache/vep_cache/caenorhabditis_elegans/110_WBcel235/I",
                "cache/vep_cache/caenorhabditis_elegans/110_WBcel235/I/1-1000000.gz",
                "cache/vep_cache/caenorhabditis_elegans/110_WBcel235/I/10000001-11000000.gz",
                "cache/vep_cache/caenorhabditis_elegans/110_WBcel235/I/1000001-2000000.gz",
                "cache/vep_cache/caenorhabditis_elegans/110_WBcel235/I/11000001-12000000.gz",
                "cache/vep_cache/caenorhabditis_elegans/110_WBcel235/I/12000001-13000000.gz",
                "cache/vep_cache/caenorhabditis_elegans/110_WBcel235/I/13000001-14000000.gz",
                "cache/vep_cache/caenorhabditis_elegans/110_WBcel235/I/14000001-15000000.gz",
                "cache/vep_cache/caenorhabditis_elegans/110_WBcel235/I/15000001-16000000.gz",
                "cache/vep_cache/caenorhabditis_elegans/110_WBcel235/I/2000001-3000000.gz",
                "cache/vep_cache/caenorhabditis_elegans/110_WBcel235/I/3000001-4000000.gz",
                "cache/vep_cache/caenorhabditis_elegans/110_WBcel235/I/4000001-5000000.gz",
                "cache/vep_cache/caenorhabditis_elegans/110_WBcel235/I/5000001-6000000.gz",
                "cache/vep_cache/caenorhabditis_elegans/110_WBcel235/I/6000001-7000000.gz",
                "cache/vep_cache/caenorhabditis_elegans/110_WBcel235/I/7000001-8000000.gz",
                "cache/vep_cache/caenorhabditis_elegans/110_WBcel235/I/8000001-9000000.gz",
                "cache/vep_cache/caenorhabditis_elegans/110_WBcel235/I/9000001-10000000.gz",
                "cache/vep_cache/caenorhabditis_elegans/110_WBcel235/II",
                "cache/vep_cache/caenorhabditis_elegans/110_WBcel235/II/1-1000000.gz",
                "cache/vep_cache/caenorhabditis_elegans/110_WBcel235/II/10000001-11000000.gz",
                "cache/vep_cache/caenorhabditis_elegans/110_WBcel235/II/1000001-2000000.gz",
                "cache/vep_cache/caenorhabditis_elegans/110_WBcel235/II/11000001-12000000.gz",
                "cache/vep_cache/caenorhabditis_elegans/110_WBcel235/II/12000001-13000000.gz",
                "cache/vep_cache/caenorhabditis_elegans/110_WBcel235/II/13000001-14000000.gz",
                "cache/vep_cache/caenorhabditis_elegans/110_WBcel235/II/14000001-15000000.gz",
                "cache/vep_cache/caenorhabditis_elegans/110_WBcel235/II/15000001-16000000.gz",
                "cache/vep_cache/caenorhabditis_elegans/110_WBcel235/II/2000001-3000000.gz",
                "cache/vep_cache/caenorhabditis_elegans/110_WBcel235/II/3000001-4000000.gz",
                "cache/vep_cache/caenorhabditis_elegans/110_WBcel235/II/4000001-5000000.gz",
                "cache/vep_cache/caenorhabditis_elegans/110_WBcel235/II/5000001-6000000.gz",
                "cache/vep_cache/caenorhabditis_elegans/110_WBcel235/II/6000001-7000000.gz",
                "cache/vep_cache/caenorhabditis_elegans/110_WBcel235/II/7000001-8000000.gz",
                "cache/vep_cache/caenorhabditis_elegans/110_WBcel235/II/8000001-9000000.gz",
                "cache/vep_cache/caenorhabditis_elegans/110_WBcel235/II/9000001-10000000.gz",
                "cache/vep_cache/caenorhabditis_elegans/110_WBcel235/III",
                "cache/vep_cache/caenorhabditis_elegans/110_WBcel235/III/1-1000000.gz",
                "cache/vep_cache/caenorhabditis_elegans/110_WBcel235/III/10000001-11000000.gz",
                "cache/vep_cache/caenorhabditis_elegans/110_WBcel235/III/1000001-2000000.gz",
                "cache/vep_cache/caenorhabditis_elegans/110_WBcel235/III/11000001-12000000.gz",
                "cache/vep_cache/caenorhabditis_elegans/110_WBcel235/III/12000001-13000000.gz",
                "cache/vep_cache/caenorhabditis_elegans/110_WBcel235/III/13000001-14000000.gz",
                "cache/vep_cache/caenorhabditis_elegans/110_WBcel235/III/2000001-3000000.gz",
                "cache/vep_cache/caenorhabditis_elegans/110_WBcel235/III/3000001-4000000.gz",
                "cache/vep_cache/caenorhabditis_elegans/110_WBcel235/III/4000001-5000000.gz",
                "cache/vep_cache/caenorhabditis_elegans/110_WBcel235/III/5000001-6000000.gz",
                "cache/vep_cache/caenorhabditis_elegans/110_WBcel235/III/6000001-7000000.gz",
                "cache/vep_cache/caenorhabditis_elegans/110_WBcel235/III/7000001-8000000.gz",
                "cache/vep_cache/caenorhabditis_elegans/110_WBcel235/III/8000001-9000000.gz",
                "cache/vep_cache/caenorhabditis_elegans/110_WBcel235/III/9000001-10000000.gz",
                "cache/vep_cache/caenorhabditis_elegans/110_WBcel235/IV",
                "cache/vep_cache/caenorhabditis_elegans/110_WBcel235/IV/1-1000000.gz",
                "cache/vep_cache/caenorhabditis_elegans/110_WBcel235/IV/10000001-11000000.gz",
                "cache/vep_cache/caenorhabditis_elegans/110_WBcel235/IV/1000001-2000000.gz",
                "cache/vep_cache/caenorhabditis_elegans/110_WBcel235/IV/11000001-12000000.gz",
                "cache/vep_cache/caenorhabditis_elegans/110_WBcel235/IV/12000001-13000000.gz",
                "cache/vep_cache/caenorhabditis_elegans/110_WBcel235/IV/13000001-14000000.gz",
                "cache/vep_cache/caenorhabditis_elegans/110_WBcel235/IV/14000001-15000000.gz",
                "cache/vep_cache/caenorhabditis_elegans/110_WBcel235/IV/15000001-16000000.gz",
                "cache/vep_cache/caenorhabditis_elegans/110_WBcel235/IV/16000001-17000000.gz",
                "cache/vep_cache/caenorhabditis_elegans/110_WBcel235/IV/17000001-18000000.gz",
                "cache/vep_cache/caenorhabditis_elegans/110_WBcel235/IV/2000001-3000000.gz",
                "cache/vep_cache/caenorhabditis_elegans/110_WBcel235/IV/3000001-4000000.gz",
                "cache/vep_cache/caenorhabditis_elegans/110_WBcel235/IV/4000001-5000000.gz",
                "cache/vep_cache/caenorhabditis_elegans/110_WBcel235/IV/5000001-6000000.gz",
                "cache/vep_cache/caenorhabditis_elegans/110_WBcel235/IV/6000001-7000000.gz",
                "cache/vep_cache/caenorhabditis_elegans/110_WBcel235/IV/7000001-8000000.gz",
                "cache/vep_cache/caenorhabditis_elegans/110_WBcel235/IV/8000001-9000000.gz",
                "cache/vep_cache/caenorhabditis_elegans/110_WBcel235/IV/9000001-10000000.gz",
                "cache/vep_cache/caenorhabditis_elegans/110_WBcel235/MtDNA",
                "cache/vep_cache/caenorhabditis_elegans/110_WBcel235/MtDNA/1-1000000.gz",
                "cache/vep_cache/caenorhabditis_elegans/110_WBcel235/V",
                "cache/vep_cache/caenorhabditis_elegans/110_WBcel235/V/1-1000000.gz",
                "cache/vep_cache/caenorhabditis_elegans/110_WBcel235/V/10000001-11000000.gz",
                "cache/vep_cache/caenorhabditis_elegans/110_WBcel235/V/1000001-2000000.gz",
                "cache/vep_cache/caenorhabditis_elegans/110_WBcel235/V/11000001-12000000.gz",
                "cache/vep_cache/caenorhabditis_elegans/110_WBcel235/V/12000001-13000000.gz",
                "cache/vep_cache/caenorhabditis_elegans/110_WBcel235/V/13000001-14000000.gz",
                "cache/vep_cache/caenorhabditis_elegans/110_WBcel235/V/14000001-15000000.gz",
                "cache/vep_cache/caenorhabditis_elegans/110_WBcel235/V/15000001-16000000.gz",
                "cache/vep_cache/caenorhabditis_elegans/110_WBcel235/V/16000001-17000000.gz",
                "cache/vep_cache/caenorhabditis_elegans/110_WBcel235/V/17000001-18000000.gz",
                "cache/vep_cache/caenorhabditis_elegans/110_WBcel235/V/18000001-19000000.gz",
                "cache/vep_cache/caenorhabditis_elegans/110_WBcel235/V/19000001-20000000.gz",
                "cache/vep_cache/caenorhabditis_elegans/110_WBcel235/V/20000001-21000000.gz",
                "cache/vep_cache/caenorhabditis_elegans/110_WBcel235/V/2000001-3000000.gz",
                "cache/vep_cache/caenorhabditis_elegans/110_WBcel235/V/3000001-4000000.gz",
                "cache/vep_cache/caenorhabditis_elegans/110_WBcel235/V/4000001-5000000.gz",
                "cache/vep_cache/caenorhabditis_elegans/110_WBcel235/V/5000001-6000000.gz",
                "cache/vep_cache/caenorhabditis_elegans/110_WBcel235/V/6000001-7000000.gz",
                "cache/vep_cache/caenorhabditis_elegans/110_WBcel235/V/7000001-8000000.gz",
                "cache/vep_cache/caenorhabditis_elegans/110_WBcel235/V/8000001-9000000.gz",
                "cache/vep_cache/caenorhabditis_elegans/110_WBcel235/V/9000001-10000000.gz",
                "cache/vep_cache/caenorhabditis_elegans/110_WBcel235/X",
                "cache/vep_cache/caenorhabditis_elegans/110_WBcel235/X/1-1000000.gz",
                "cache/vep_cache/caenorhabditis_elegans/110_WBcel235/X/10000001-11000000.gz",
                "cache/vep_cache/caenorhabditis_elegans/110_WBcel235/X/1000001-2000000.gz",
                "cache/vep_cache/caenorhabditis_elegans/110_WBcel235/X/11000001-12000000.gz",
                "cache/vep_cache/caenorhabditis_elegans/110_WBcel235/X/12000001-13000000.gz",
                "cache/vep_cache/caenorhabditis_elegans/110_WBcel235/X/13000001-14000000.gz",
                "cache/vep_cache/caenorhabditis_elegans/110_WBcel235/X/14000001-15000000.gz",
                "cache/vep_cache/caenorhabditis_elegans/110_WBcel235/X/15000001-16000000.gz",
                "cache/vep_cache/caenorhabditis_elegans/110_WBcel235/X/16000001-17000000.gz",
                "cache/vep_cache/caenorhabditis_elegans/110_WBcel235/X/17000001-18000000.gz",
                "cache/vep_cache/caenorhabditis_elegans/110_WBcel235/X/2000001-3000000.gz",
                "cache/vep_cache/caenorhabditis_elegans/110_WBcel235/X/3000001-4000000.gz",
                "cache/vep_cache/caenorhabditis_elegans/110_WBcel235/X/4000001-5000000.gz",
                "cache/vep_cache/caenorhabditis_elegans/110_WBcel235/X/5000001-6000000.gz",
                "cache/vep_cache/caenorhabditis_elegans/110_WBcel235/X/6000001-7000000.gz",
                "cache/vep_cache/caenorhabditis_elegans/110_WBcel235/X/7000001-8000000.gz",
                "cache/vep_cache/caenorhabditis_elegans/110_WBcel235/X/8000001-9000000.gz",
                "cache/vep_cache/caenorhabditis_elegans/110_WBcel235/X/9000001-10000000.gz",
                "cache/vep_cache/caenorhabditis_elegans/110_WBcel235/chr_synonyms.txt",
                "cache/vep_cache/caenorhabditis_elegans/110_WBcel235/info.txt",
                "cache/versions.yml",
                "pipeline_info",
                "pipeline_info/nf_core_pipeline_software_mqc_versions.yml",
                "preprocessing",
                "preprocessing/GM12878",
                "preprocessing/GM12878/GM12878.md.bam",
                "preprocessing/GM12878/GM12878.md.bam.bai",
                "preprocessing/GM12878/GM12878.recal.bam",
                "preprocessing/GM12878/GM12878.recal.bam.bai",
                "reports",
                "reports/EnsemblVEP",
                "reports/EnsemblVEP/haplotypecaller",
                "reports/EnsemblVEP/haplotypecaller/GM12878",
                "reports/EnsemblVEP/haplotypecaller/GM12878/GM12878.haplotypecaller.filtered_VEP.ann.summary.html",
                "reports/multiqc_data",
                "reports/multiqc_data/multiqc.log",
                "reports/multiqc_data/multiqc_citations.txt",
                "reports/multiqc_data/multiqc_data.json",
                "reports/multiqc_data/multiqc_software_versions.txt",
                "reports/multiqc_data/multiqc_sources.txt",
                "reports/multiqc_report.html",
                "reports/stats",
                "reports/stats/GM12878",
                "reports/stats/GM12878/GM12878.flagstat",
                "reports/stats/GM12878/GM12878.stats",
                "reports/stats/GM12878/STAR_log",
                "reports/stats/GM12878/STAR_log/GM12878.Log.final.out",
                "reports/stats/GM12878/STAR_log/GM12878.Log.out",
                "reports/stats/GM12878/STAR_log/GM12878.Log.progress.out",
                "reports/stats/GM12878/STAR_log/GM12878.SJ.out.tab",
                "samtools",
                "samtools/GM12878.bam",
                "samtools/GM12878.bam.bai",
                "variant_calling",
                "variant_calling/GM12878",
                "variant_calling/GM12878/GM12878.haplotypecaller.filtered.vcf.gz",
                "variant_calling/GM12878/GM12878.haplotypecaller.filtered.vcf.gz.tbi",
                "variant_calling/GM12878/GM12878.haplotypecaller.vcf.gz",
                "variant_calling/GM12878/GM12878.haplotypecaller.vcf.gz.tbi",
                "variant_calling/dbsnp_146.hg38.vcf",
                "variant_calling/dbsnp_146.hg38.vcf/dbsnp_146.hg38.vcf.gz.tbi",
                "variant_calling/mills_and_1000G.indels.vcf",
                "variant_calling/mills_and_1000G.indels.vcf/mills_and_1000G.indels.vcf.gz.tbi"
            ]
        ],
        "meta": {
            "nf-test": "0.9.1",
            "nextflow": "24.10.3"
        },
        "timestamp": "2025-01-09T16:51:32.004274594"
    },
    "Run with profile test | annotation with snpeff": {
        "content": [
            44,
            {
                "APPLYBQSR": {
                    "gatk4": "4.5.0.0"
                },
                "CAT_FASTQ": {
                    "cat": 8.3
                },
                "FASTQC": {
                    "fastqc": "0.12.1"
                },
                "GATK4_BASERECALIBRATOR": {
                    "gatk4": "4.5.0.0"
                },
                "GATK4_BEDTOINTERVALLIST": {
                    "gatk4": "4.5.0.0"
                },
                "GATK4_HAPLOTYPECALLER": {
                    "gatk4": "4.5.0.0"
                },
                "GATK4_MERGEVCFS": {
                    "gatk4": "4.5.0.0"
                },
                "GATK4_SPLITNCIGARREADS": {
                    "gatk4": "4.5.0.0"
                },
                "GATK4_VARIANTFILTRATION": {
                    "gatk4": "4.5.0.0"
                },
                "PICARD_MARKDUPLICATES": {
                    "picard": "3.3.0"
                },
                "SAMTOOLS_FLAGSTAT": {
                    "samtools": 1.21
                },
                "SAMTOOLS_IDXSTATS": {
                    "samtools": 1.21
                },
                "SAMTOOLS_INDEX": {
                    "samtools": 1.21
                },
                "SAMTOOLS_MERGE": {
                    "samtools": "1.19.2"
                },
                "SAMTOOLS_SORT": {
                    "samtools": 1.21
                },
                "SAMTOOLS_STATS": {
                    "samtools": 1.21
                },
                "SNPEFF_SNPEFF": {
                    "snpeff": "5.1d"
                },
                "STAR_ALIGN": {
                    "star": "2.7.11b",
                    "samtools": 1.21,
                    "gawk": "5.1.0"
                },
                "TABIX": {
                    "tabix": "1.19.1"
                },
                "TABIX_BGZIPTABIX": {
                    "tabix": "1.19.1"
                },
                "Workflow": {
                    "nf-core/rnavar": "v2.0.0dev"
                }
            },
            [
                "annotation",
                "annotation/haplotypecaller",
                "annotation/haplotypecaller/GM12878",
                "annotation/haplotypecaller/GM12878/GM12878.haplotypecaller.filtered_snpEff.ann.vcf.gz",
                "annotation/haplotypecaller/GM12878/GM12878.haplotypecaller.filtered_snpEff.ann.vcf.gz.tbi",
                "cache",
                "cache/snpeff_cache",
                "cache/snpeff_cache/WBcel235.105",
                "cache/snpeff_cache/WBcel235.105/sequence.I.bin",
                "cache/snpeff_cache/WBcel235.105/sequence.II.bin",
                "cache/snpeff_cache/WBcel235.105/sequence.III.bin",
                "cache/snpeff_cache/WBcel235.105/sequence.IV.bin",
                "cache/snpeff_cache/WBcel235.105/sequence.V.bin",
                "cache/snpeff_cache/WBcel235.105/sequence.X.bin",
                "cache/snpeff_cache/WBcel235.105/sequence.bin",
                "cache/snpeff_cache/WBcel235.105/snpEffectPredictor.bin",
                "cache/versions.yml",
                "pipeline_info",
                "pipeline_info/nf_core_pipeline_software_mqc_versions.yml",
                "preprocessing",
                "preprocessing/GM12878",
                "preprocessing/GM12878/GM12878.md.bam",
                "preprocessing/GM12878/GM12878.md.bam.bai",
                "preprocessing/GM12878/GM12878.recal.bam",
                "preprocessing/GM12878/GM12878.recal.bam.bai",
                "reports",
                "reports/multiqc_data",
                "reports/multiqc_data/multiqc.log",
                "reports/multiqc_data/multiqc_citations.txt",
                "reports/multiqc_data/multiqc_data.json",
                "reports/multiqc_data/multiqc_software_versions.txt",
                "reports/multiqc_data/multiqc_sources.txt",
                "reports/multiqc_report.html",
                "reports/snpeff",
                "reports/snpeff/haplotypecaller",
                "reports/snpeff/haplotypecaller/GM12878",
                "reports/snpeff/haplotypecaller/GM12878/GM12878.haplotypecaller.filtered_snpEff.csv",
                "reports/snpeff/haplotypecaller/GM12878/GM12878.haplotypecaller.filtered_snpEff.genes.txt",
                "reports/snpeff/haplotypecaller/GM12878/snpEff_summary.html",
                "reports/stats",
                "reports/stats/GM12878",
                "reports/stats/GM12878/GM12878.flagstat",
                "reports/stats/GM12878/GM12878.stats",
                "reports/stats/GM12878/STAR_log",
                "reports/stats/GM12878/STAR_log/GM12878.Log.final.out",
                "reports/stats/GM12878/STAR_log/GM12878.Log.out",
                "reports/stats/GM12878/STAR_log/GM12878.Log.progress.out",
                "reports/stats/GM12878/STAR_log/GM12878.SJ.out.tab",
                "samtools",
                "samtools/GM12878.bam",
                "samtools/GM12878.bam.bai",
                "variant_calling",
                "variant_calling/GM12878",
                "variant_calling/GM12878/GM12878.haplotypecaller.filtered.vcf.gz",
                "variant_calling/GM12878/GM12878.haplotypecaller.filtered.vcf.gz.tbi",
                "variant_calling/GM12878/GM12878.haplotypecaller.vcf.gz",
                "variant_calling/GM12878/GM12878.haplotypecaller.vcf.gz.tbi",
                "variant_calling/dbsnp_146.hg38.vcf",
                "variant_calling/dbsnp_146.hg38.vcf/dbsnp_146.hg38.vcf.gz.tbi",
                "variant_calling/mills_and_1000G.indels.vcf",
                "variant_calling/mills_and_1000G.indels.vcf/mills_and_1000G.indels.vcf.gz.tbi"
            ]
        ],
        "meta": {
            "nf-test": "0.9.1",
            "nextflow": "24.10.3"
        },
        "timestamp": "2025-01-09T16:47:00.48306332"
    }
}