{
    "-profile test --tools merge,snpeff,vep": {
        "content": [
            14,
            {
                "ENSEMBLVEP_VEP": {
                    "ensemblvep": 113.0,
                    "tabix": 1.21
                },
                "GATK4_BEDTOINTERVALLIST": {
                    "gatk4": "4.6.1.0"
                },
                "GATK4_INTERVALLISTTOOLS": {
                    "gatk4": "4.6.1.0"
                },
                "SNPEFF_SNPEFF": {
                    "snpeff": "5.1d"
                },
                "TABIX_BGZIPTABIX": {
                    "tabix": 1.2
                },
                "TABIX_TABIX": {
                    "tabix": 1.2
                },
                "Workflow": {
                    "nf-core/rnavar": "v2.0.0dev"
                }
            },
            [
                "annotation",
                "annotation/test",
                "annotation/test/test_VEP.ann.vcf.gz",
                "annotation/test/test_VEP.ann.vcf.gz.tbi",
                "annotation/test/test_snpEff.ann.vcf.gz",
                "annotation/test/test_snpEff.ann.vcf.gz.tbi",
                "annotation/test/test_snpEff_VEP.ann.vcf.gz",
                "annotation/test/test_snpEff_VEP.ann.vcf.gz.tbi",
                "pipeline_info",
                "pipeline_info/nf_core_pipeline_software_mqc_versions.yml",
                "reports",
                "reports/EnsemblVEP",
                "reports/EnsemblVEP/test",
                "reports/EnsemblVEP/test/test_VEP.ann.summary.html",
                "reports/EnsemblVEP/test/test_snpEff_VEP.ann.summary.html",
                "reports/multiqc_data",
                "reports/multiqc_data/multiqc.log",
                "reports/multiqc_data/multiqc_citations.txt",
                "reports/multiqc_data/multiqc_data.json",
                "reports/multiqc_data/multiqc_software_versions.txt",
                "reports/multiqc_data/multiqc_sources.txt",
                "reports/multiqc_report.html",
                "reports/snpeff",
                "reports/snpeff/test",
                "reports/snpeff/test/snpEff_summary.html",
                "reports/snpeff/test/test_snpEff.csv",
                "reports/snpeff/test/test_snpEff.genes.txt"
            ],
            [
                "multiqc_citations.txt:md5,4c806e63a283ec1b7e78cdae3a923d4f",
                "snpEff_summary.html:md5,9a6677520c49b75f0a8c848d19935190",
                "test_snpEff.csv:md5,e4faa253b9df7259fedbb7163da07980",
                "test_snpEff.genes.txt:md5,130536bf0237d7f3f746d32aaa32840a"
            ],
            [
                [
                    "test_VEP.ann.vcf.gz",
                    "d41d8cd98f00b204e9800998ecf8427e"
                ],
                [
                    "test_snpEff.ann.vcf.gz",
                    "fd266e623365c7d1837bc9eb088fe70c"
                ],
                [
                    "test_snpEff_VEP.ann.vcf.gz",
                    "d41d8cd98f00b204e9800998ecf8427e"
                ]
            ]
        ],
        "meta": {
            "nf-test": "0.9.2",
            "nextflow": "25.02.1"
        },
        "timestamp": "2025-03-20T18:58:17.819472275"
    },
    "-profile test --tools merge": {
        "content": [
            12,
            {
                "ENSEMBLVEP_VEP": {
                    "ensemblvep": 113.0,
                    "tabix": 1.21
                },
                "GATK4_BEDTOINTERVALLIST": {
                    "gatk4": "4.6.1.0"
                },
                "GATK4_INTERVALLISTTOOLS": {
                    "gatk4": "4.6.1.0"
                },
                "SNPEFF_SNPEFF": {
                    "snpeff": "5.1d"
                },
                "TABIX_BGZIPTABIX": {
                    "tabix": 1.2
                },
                "TABIX_TABIX": {
                    "tabix": 1.2
                },
                "Workflow": {
                    "nf-core/rnavar": "v2.0.0dev"
                }
            },
            [
                "annotation",
                "annotation/test",
                "annotation/test/test_snpEff_VEP.ann.vcf.gz",
                "annotation/test/test_snpEff_VEP.ann.vcf.gz.tbi",
                "pipeline_info",
                "pipeline_info/nf_core_pipeline_software_mqc_versions.yml",
                "reports",
                "reports/EnsemblVEP",
                "reports/EnsemblVEP/test",
                "reports/EnsemblVEP/test/test_snpEff_VEP.ann.summary.html",
                "reports/multiqc_data",
                "reports/multiqc_data/multiqc.log",
                "reports/multiqc_data/multiqc_citations.txt",
                "reports/multiqc_data/multiqc_data.json",
                "reports/multiqc_data/multiqc_software_versions.txt",
                "reports/multiqc_data/multiqc_sources.txt",
                "reports/multiqc_report.html",
                "reports/snpeff",
                "reports/snpeff/test"
            ],
            [
                "multiqc_citations.txt:md5,4c806e63a283ec1b7e78cdae3a923d4f"
            ],
            [
                [
                    "test_snpEff_VEP.ann.vcf.gz",
                    "d41d8cd98f00b204e9800998ecf8427e"
                ]
            ]
        ],
        "meta": {
            "nf-test": "0.9.2",
            "nextflow": "25.02.1"
        },
        "timestamp": "2025-03-20T18:57:30.251610919"
    }
}