{
    "vep": {
        "content": [
            {
                "0": [
                    [
                        {
                            "id": "test"
                        },
                        "test_VEP.ann.vcf.gz:md5,68b329da9893e34099c7d8ad5cb9c940",
                        "test_VEP.ann.vcf.gz.tbi:md5,d41d8cd98f00b204e9800998ecf8427e"
                    ]
                ],
                "1": [
                    
                ],
                "2": [
                    
                ],
                "3": [
                    "test_VEP.ann_summary.html:md5,d41d8cd98f00b204e9800998ecf8427e"
                ],
                "4": [
                    "versions.yml:md5,6b4e45ba6bc1085f28e972f10c018f77",
                    "versions.yml:md5,6c3f1b0776837530cda145392ab8f18b"
                ],
                "json_ann": [
                    
                ],
                "reports": [
                    "test_VEP.ann_summary.html:md5,d41d8cd98f00b204e9800998ecf8427e"
                ],
                "tab_ann": [
                    
                ],
                "vcf_ann": [
                    [
                        {
                            "id": "test"
                        },
                        "test_VEP.ann.vcf.gz:md5,68b329da9893e34099c7d8ad5cb9c940",
                        "test_VEP.ann.vcf.gz.tbi:md5,d41d8cd98f00b204e9800998ecf8427e"
                    ]
                ],
                "versions": [
                    "versions.yml:md5,6b4e45ba6bc1085f28e972f10c018f77",
                    "versions.yml:md5,6c3f1b0776837530cda145392ab8f18b"
                ]
            }
        ],
        "meta": {
            "nf-test": "0.9.2",
            "nextflow": "24.10.4"
        },
        "timestamp": "2025-03-04T16:19:31.736660565"
    },
    "merge": {
        "content": [
            {
                "0": [
                    [
                        {
                            "id": "test"
                        },
                        "test.vcf.gz:md5,68b329da9893e34099c7d8ad5cb9c940",
                        "test.vcf.gz.tbi:md5,d41d8cd98f00b204e9800998ecf8427e"
                    ],
                    [
                        {
                            "id": "test"
                        },
                        "test_VEP.ann.vcf.gz:md5,68b329da9893e34099c7d8ad5cb9c940",
                        "test_VEP.ann.vcf.gz.tbi:md5,d41d8cd98f00b204e9800998ecf8427e"
                    ]
                ],
                "1": [
                    
                ],
                "2": [
                    
                ],
                "3": [
                    [
                        "test_snpEff.csv:md5,d41d8cd98f00b204e9800998ecf8427e"
                    ],
                    "test_VEP.ann_summary.html:md5,d41d8cd98f00b204e9800998ecf8427e"
                ],
                "4": [
                    "versions.yml:md5,4a322b8b0f7017858530180a68232e96",
                    "versions.yml:md5,6fb558faa1c4c79e757970991dfbf118",
                    "versions.yml:md5,abf2b743072f2ba8b250b3925061622f",
                    "versions.yml:md5,d5804f2a2b5907e982d54dca0ba2db44"
                ],
                "json_ann": [
                    
                ],
                "reports": [
                    [
                        "test_snpEff.csv:md5,d41d8cd98f00b204e9800998ecf8427e"
                    ],
                    "test_VEP.ann_summary.html:md5,d41d8cd98f00b204e9800998ecf8427e"
                ],
                "tab_ann": [
                    
                ],
                "vcf_ann": [
                    [
                        {
                            "id": "test"
                        },
                        "test.vcf.gz:md5,68b329da9893e34099c7d8ad5cb9c940",
                        "test.vcf.gz.tbi:md5,d41d8cd98f00b204e9800998ecf8427e"
                    ],
                    [
                        {
                            "id": "test"
                        },
                        "test_VEP.ann.vcf.gz:md5,68b329da9893e34099c7d8ad5cb9c940",
                        "test_VEP.ann.vcf.gz.tbi:md5,d41d8cd98f00b204e9800998ecf8427e"
                    ]
                ],
                "versions": [
                    "versions.yml:md5,4a322b8b0f7017858530180a68232e96",
                    "versions.yml:md5,6fb558faa1c4c79e757970991dfbf118",
                    "versions.yml:md5,abf2b743072f2ba8b250b3925061622f",
                    "versions.yml:md5,d5804f2a2b5907e982d54dca0ba2db44"
                ]
            }
        ],
        "meta": {
            "nf-test": "0.9.2",
            "nextflow": "24.10.4"
        },
        "timestamp": "2025-03-04T16:32:38.738793297"
    },
    "snpeff": {
        "content": [
            {
                "0": [
                    [
                        {
                            "id": "test"
                        },
                        "test.vcf.gz:md5,68b329da9893e34099c7d8ad5cb9c940",
                        "test.vcf.gz.tbi:md5,d41d8cd98f00b204e9800998ecf8427e"
                    ]
                ],
                "1": [
                    
                ],
                "2": [
                    
                ],
                "3": [
                    [
                        "test_snpEff.csv:md5,d41d8cd98f00b204e9800998ecf8427e"
                    ]
                ],
                "4": [
                    "versions.yml:md5,4a322b8b0f7017858530180a68232e96",
                    "versions.yml:md5,d5804f2a2b5907e982d54dca0ba2db44"
                ],
                "json_ann": [
                    
                ],
                "reports": [
                    [
                        "test_snpEff.csv:md5,d41d8cd98f00b204e9800998ecf8427e"
                    ]
                ],
                "tab_ann": [
                    
                ],
                "vcf_ann": [
                    [
                        {
                            "id": "test"
                        },
                        "test.vcf.gz:md5,68b329da9893e34099c7d8ad5cb9c940",
                        "test.vcf.gz.tbi:md5,d41d8cd98f00b204e9800998ecf8427e"
                    ]
                ],
                "versions": [
                    "versions.yml:md5,4a322b8b0f7017858530180a68232e96",
                    "versions.yml:md5,d5804f2a2b5907e982d54dca0ba2db44"
                ]
            }
        ],
        "meta": {
            "nf-test": "0.9.2",
            "nextflow": "24.10.4"
        },
        "timestamp": "2025-03-04T16:32:26.089637442"
    }
}