{
    "Should run without failures - stub": {
        "content": [
            {
                "0": [
                    [
                        {
                            "id": "exon_bed"
                        },
                        "exon_bed.exon.bed:md5,d41d8cd98f00b204e9800998ecf8427e"
                    ]
                ],
                "1": [
                    "versions.yml:md5,4e809973b78e4e60b7134a81a1eb592b"
                ],
                "bed": [
                    [
                        {
                            "id": "exon_bed"
                        },
                        "exon_bed.exon.bed:md5,d41d8cd98f00b204e9800998ecf8427e"
                    ]
                ],
                "versions": [
                    "versions.yml:md5,4e809973b78e4e60b7134a81a1eb592b"
                ]
            }
        ],
        "meta": {
            "nf-test": "0.9.2",
            "nextflow": "24.10.4"
        },
        "timestamp": "2025-03-05T13:57:48.655747686"
    },
    "Should run without failures": {
        "content": [
            {
                "0": [
                    [
                        {
                            "id": "exon_bed"
                        },
                        "exon_bed.exon.bed:md5,87a15eb9c2ff20ccd5cd8735a28708f7"
                    ]
                ],
                "1": [
                    "versions.yml:md5,4e809973b78e4e60b7134a81a1eb592b"
                ],
                "bed": [
                    [
                        {
                            "id": "exon_bed"
                        },
                        "exon_bed.exon.bed:md5,87a15eb9c2ff20ccd5cd8735a28708f7"
                    ]
                ],
                "versions": [
                    "versions.yml:md5,4e809973b78e4e60b7134a81a1eb592b"
                ]
            }
        ],
        "meta": {
            "nf-test": "0.9.2",
            "nextflow": "24.10.4"
        },
        "timestamp": "2025-03-05T13:57:35.622566479"
    }
}